// Jest Snapshot v1, https://goo.gl/fbAQLP

exports[`DocumentViewContainer component snapshot of the component 1`] = `
<div
  className="container"
>
  <div>
    <div>
      <FloatingActionButton
        backgroundColor="#123c69"
        disabled={false}
        mini={false}
        onClick={[Function]}
        secondary={false}
        style={
          Object {
            "bottom": 20,
            "marginRight": 20,
            "position": "fixed",
            "right": 20,
          }
        }
        zDepth={2}
      >
        <ContentAdd />
      </FloatingActionButton>
    </div>
  </div>
  <br />
  <Dialog
    actions={
      Array [
        <FlatButton
          disabled={false}
          fullWidth={false}
          label="Cancel"
          labelPosition="after"
          labelStyle={Object {}}
          onKeyboardFocus={[Function]}
          onMouseEnter={[Function]}
          onMouseLeave={[Function]}
          onTouchStart={[Function]}
          onTouchTap={[Function]}
          primary={true}
          secondary={false}
      />,
        <FlatButton
          disabled={false}
          fullWidth={false}
          keyboardFocused={true}
          label="Submit"
          labelPosition="after"
          labelStyle={Object {}}
          onKeyboardFocus={[Function]}
          onMouseEnter={[Function]}
          onMouseLeave={[Function]}
          onTouchStart={[Function]}
          onTouchTap={[Function]}
          primary={true}
          secondary={false}
      />,
      ]
    }
    autoDetectWindowHeight={true}
    autoScrollBodyContent={false}
    modal={false}
    onRequestClose={[Function]}
    open={false}
    repositionOnUpdate={true}
    title="Create a new Document"
  >
    <CreateDocument
      document={
        Object {
          "access": "",
          "content": "",
          "title": "",
        }
      }
      onContentChange={[Function]}
      onSetAccess={[Function]}
      onTitleChange={[Function]}
      style={
        Object {
          "bottom": 20,
          "marginRight": 20,
          "position": "fixed",
          "right": 20,
        }
      }
    />
  </Dialog>
</div>
`;
